[      45ms] [ERROR] Failed to load resource: the server responded with a status of 500 (Internal Server Error) @ http://localhost:3000/signup:0
[     110ms] Error: ./src/app/(site)
You cannot have two parallel pages that resolve to the same path. Please check /(auth)/login and /(site).

    at Object.getCompilationErrors (file:///home/babasola/Dev/signproz/node_modules/next/dist/server/dev/hot-reloader-turbopack.js:1175:55)
    at DevBundlerService.getCompilationError (file:///home/babasola/Dev/signproz/node_modules/next/dist/server/lib/dev-bundler-service.js:44:55)
    at DevServer.getCompilationError (file:///home/babasola/Dev/signproz/node_modules/next/dist/server/dev/next-dev-server.js:719:42)
    at DevServer.findPageComponents (file:///home/babasola/Dev/signproz/node_modules/next/dist/server/dev/next-dev-server.js:689:43)
    at async DevServer.renderErrorToResponseImpl (file:///home/babasola/Dev/signproz/node_modules/next/dist/server/base-server.js:1745:26)
[     107ms] [LOG] [HMR] connected @ http://localhost:3000/_next/static/chunks/node_modules_next_dist_0u_w_5s._.js:1226
[     111ms] [ERROR] ./src/app/(site)
You cannot have two parallel pages that resolve to the same path. Please check /(auth)/login and /(site). @ chrome-extension://fmkadmapgofadopljbjfkapdkoienihi/build/installHook.js:0
[     111ms] [ERROR] ./src/app/(site)
You cannot have two parallel pages that resolve to the same path. Please check /(auth)/signup and /(site). @ chrome-extension://fmkadmapgofadopljbjfkapdkoienihi/build/installHook.js:0
[     112ms] [ERROR] ./src/app/(site)
You cannot have two parallel pages that resolve to the same path. Please check /(auth)/login and /(site). @ chrome-extension://fmkadmapgofadopljbjfkapdkoienihi/build/installHook.js:0
[     112ms] [ERROR] ./src/app/(site)
You cannot have two parallel pages that resolve to the same path. Please check /(auth)/signup and /(site). @ chrome-extension://fmkadmapgofadopljbjfkapdkoienihi/build/installHook.js:0
[     112ms] [ERROR] ./src/app/(site)
You cannot have two parallel pages that resolve to the same path. Please check /(auth)/login and /(site). @ chrome-extension://fmkadmapgofadopljbjfkapdkoienihi/build/installHook.js:0
[     113ms] [ERROR] ./src/app/(site)
You cannot have two parallel pages that resolve to the same path. Please check /(auth)/signup and /(site). @ chrome-extension://fmkadmapgofadopljbjfkapdkoienihi/build/installHook.js:0
[     113ms] [ERROR] ./src/app/(site)
You cannot have two parallel pages that resolve to the same path. Please check /(auth)/login and /(site). @ chrome-extension://fmkadmapgofadopljbjfkapdkoienihi/build/installHook.js:0
[     113ms] [ERROR] ./src/app/(site)
You cannot have two parallel pages that resolve to the same path. Please check /(auth)/signup and /(site). @ chrome-extension://fmkadmapgofadopljbjfkapdkoienihi/build/installHook.js:0
[     113ms] [ERROR] ./src/app/(site)
You cannot have two parallel pages that resolve to the same path. Please check /(auth)/login and /(site). @ chrome-extension://fmkadmapgofadopljbjfkapdkoienihi/build/installHook.js:0
[     114ms] [ERROR] ./src/app/(site)
You cannot have two parallel pages that resolve to the same path. Please check /(auth)/signup and /(site). @ chrome-extension://fmkadmapgofadopljbjfkapdkoienihi/build/installHook.js:0
[     114ms] [ERROR] ./src/app/(site)
You cannot have two parallel pages that resolve to the same path. Please check /(auth)/login and /(site). @ chrome-extension://fmkadmapgofadopljbjfkapdkoienihi/build/installHook.js:0
[     114ms] [ERROR] ./src/app/(site)
You cannot have two parallel pages that resolve to the same path. Please check /(auth)/signup and /(site). @ chrome-extension://fmkadmapgofadopljbjfkapdkoienihi/build/installHook.js:0
[     156ms] [ERROR] ./src/app/(site)
You cannot have two parallel pages that resolve to the same path. Please check /(auth)/login and /(site). @ chrome-extension://fmkadmapgofadopljbjfkapdkoienihi/build/installHook.js:0
[     156ms] [ERROR] ./src/app/(site)
You cannot have two parallel pages that resolve to the same path. Please check /(auth)/signup and /(site). @ chrome-extension://fmkadmapgofadopljbjfkapdkoienihi/build/installHook.js:0
[     304ms] [LOG] [Fast Refresh] rebuilding @ http://localhost:3000/_next/static/chunks/node_modules_next_dist_0u_w_5s._.js:1226
[     371ms] [ERROR] ./src/app/(site)
You cannot have two parallel pages that resolve to the same path. Please check /(auth)/login and /(site). @ chrome-extension://fmkadmapgofadopljbjfkapdkoienihi/build/installHook.js:0
[     372ms] [ERROR] ./src/app/(site)
You cannot have two parallel pages that resolve to the same path. Please check /(auth)/signup and /(site). @ chrome-extension://fmkadmapgofadopljbjfkapdkoienihi/build/installHook.js:0
[   27120ms] [LOG] [Fast Refresh] rebuilding @ http://localhost:3000/_next/static/chunks/node_modules_next_dist_0u_w_5s._.js:1226
[   27213ms] [LOG] [Fast Refresh] done in 74ms @ http://localhost:3000/_next/static/chunks/node_modules_next_dist_0u_w_5s._.js:1226
[   27577ms] [VERBOSE] [DOM] Input elements should have autocomplete attributes (suggested: "current-password"): (More info: https://goo.gl/9p2vKq) %o @ http://localhost:3000/signup:0
[   27682ms] [LOG] [HMR] connected @ http://localhost:3000/_next/static/chunks/node_modules_next_dist_115brz8._.js:2431
